
> dept-portal@0.1.0 build
> next build

Γû▓ Next.js 16.1.6 (Turbopack)
- Environments: .env.local

  Creating an optimized production build ...
Γ£ô Compiled successfully in 5.1s
  Skipping validation of types
  Collecting page data using 15 workers ...
Firebase Admin Initialized Successfully
  Generating static pages using 15 workers (0/64) ...
  Generating static pages using 15 workers (16/64) 
  Generating static pages using 15 workers (32/64) 
  Generating static pages using 15 workers (48/64) 
Γ£ô Generating static pages using 15 workers (64/64) in 803.0ms
  Finalizing page optimization ...

Route (app)
Γöî Γùï /
Γö£ Γùï /_not-found
Γö£ ╞Æ /api/academic/timetable
Γö£ ╞Æ /api/admin/audit
Γö£ ╞Æ /api/admin/dashboard
Γö£ ╞Æ /api/admin/migrate-firestore-to-mongo
Γö£ ╞Æ /api/admin/system
Γö£ ╞Æ /api/faculty/dashboard
Γö£ ╞Æ /api/hod/dashboard
Γö£ ╞Æ /api/hod/reports/gradebook
Γö£ ╞Æ /api/public/landing
Γö£ ╞Æ /api/student/classroom
Γö£ ╞Æ /api/student/dashboard
Γö£ ╞Æ /api/student/feed
Γö£ Γùï /change-password
Γö£ Γùï /dashboard/admin
Γö£ Γùï /dashboard/admin/announcements
Γö£ Γùï /dashboard/admin/audit
Γö£ Γùï /dashboard/admin/batches
Γö£ Γùï /dashboard/admin/content
Γö£ Γùï /dashboard/admin/courses
Γö£ Γùï /dashboard/admin/departments
Γö£ Γùï /dashboard/admin/landing
Γö£ Γùï /dashboard/admin/offerings
Γö£ Γùï /dashboard/admin/reports
Γö£ Γùï /dashboard/admin/semesters
Γö£ Γùï /dashboard/admin/timetable
Γö£ Γùï /dashboard/admin/users
Γö£ Γùï /dashboard/alumni
Γö£ Γùï /dashboard/alumni/directory
Γö£ Γùï /dashboard/alumni/jobs
Γö£ Γùï /dashboard/alumni/mentorship
Γö£ Γùï /dashboard/alumni/profile
Γö£ Γùï /dashboard/alumni/records
Γö£ Γùï /dashboard/faculty
Γö£ Γùï /dashboard/faculty/assignments
Γö£ Γùï /dashboard/faculty/assignments/evaluation
Γö£ Γùï /dashboard/faculty/attendance
Γö£ Γùï /dashboard/faculty/attendance/session
Γö£ Γùï /dashboard/faculty/live
Γö£ Γùï /dashboard/faculty/materials
Γö£ Γùï /dashboard/faculty/profile
Γö£ Γùï /dashboard/faculty/quiz
Γö£ Γùï /dashboard/faculty/quiz/questions
Γö£ Γùï /dashboard/faculty/results
Γö£ Γùï /dashboard/faculty/syllabus
Γö£ Γùï /dashboard/hod
Γö£ Γùï /dashboard/hod/announcements
Γö£ Γùï /dashboard/hod/approvals
Γö£ Γùï /dashboard/hod/defaulters
Γö£ Γùï /dashboard/hod/faculty
Γö£ Γùï /dashboard/hod/reports
Γö£ Γùï /dashboard/hod/timetable
Γö£ Γùï /dashboard/student
Γö£ Γùï /dashboard/student/assignments
Γö£ Γùï /dashboard/student/attendance
Γö£ Γùï /dashboard/student/attendance/mark
Γö£ Γùï /dashboard/student/feed
Γö£ Γùï /dashboard/student/live
Γö£ Γùï /dashboard/student/materials
Γö£ Γùï /dashboard/student/mentorship
Γö£ Γùï /dashboard/student/opportunities
Γö£ Γùï /dashboard/student/quiz
Γö£ Γùï /dashboard/student/quiz/take
Γö£ Γùï /dashboard/student/requests
Γö£ Γùï /dashboard/student/results
Γö£ Γùï /dashboard/student/timetable
Γö£ Γùï /login
Γöö Γùï /onboarding


Γùï  (Static)   prerendered as static content
╞Æ  (Dynamic)  server-rendered on demand

